../Core/Src/main.c:97:5:main	1
../Core/Src/main.c:186:6:SystemClock_Config	3
../Core/Src/main.c:232:13:MX_CAN1_Init	2
../Core/Src/main.c:269:13:MX_CAN2_Init	2
../Core/Src/main.c:306:13:MX_TIM13_Init	2
../Core/Src/main.c:337:13:MX_USART1_UART_Init	2
../Core/Src/main.c:370:13:MX_USART6_UART_Init	2
../Core/Src/main.c:401:13:MX_DMA_Init	1
../Core/Src/main.c:422:13:MX_GPIO_Init	1
../Core/Src/main.c:462:6:StartLibraryHandler	1
../Core/Src/main.c:488:6:StartMainTask	2
../Core/Src/main.c:529:6:Error_Handler	1
