../Core/Src/main.c:107:5:main	1
../Core/Src/main.c:199:6:SystemClock_Config	3
../Core/Src/main.c:245:13:MX_CAN1_Init	2
../Core/Src/main.c:282:13:MX_CAN2_Init	2
../Core/Src/main.c:319:13:MX_TIM13_Init	2
../Core/Src/main.c:350:13:MX_USART1_UART_Init	2
../Core/Src/main.c:383:13:MX_USART6_UART_Init	2
../Core/Src/main.c:414:13:MX_DMA_Init	1
../Core/Src/main.c:435:13:MX_GPIO_Init	1
../Core/Src/main.c:482:6:StartLibraryHandler	1
../Core/Src/main.c:511:6:StartMainTask	5
../Core/Src/main.c:609:6:StartUartTask	1
../Core/Src/main.c:628:6:Error_Handler	1
